// Jest Snapshot v1, https://goo.gl/fbAQLP

exports[`<CityMap /> should render CityMap 1`] = `
<section
  className="cities__map"
>
  <div
    id="mapId"
    style={
      Object {
        "height": "580px",
      }
    }
  />
</section>
`;
