// Jest Snapshot v1, https://goo.gl/fbAQLP

exports[`<ReviewSend /> should render ReviewSend 1`] = `""`;
