// Jest Snapshot v1, https://goo.gl/fbAQLP

exports[`<PropertyParameters /> should render PropertyParameters 1`] = `
<section
  className="property"
>
  <div
    className="property__gallery-container container"
  >
    <div
      className="property__gallery"
    >
      <div
        className="property__image-wrapper"
      >
        <img
          alt="Photo studio"
          className="property__image"
          src="img/apartment-01.jpg"
        />
      </div>
      <div
        className="property__image-wrapper"
      >
        <img
          alt="Photo studio"
          className="property__image"
          src="img/apartment-02.jpg"
        />
      </div>
      <div
        className="property__image-wrapper"
      >
        <img
          alt="Photo studio"
          className="property__image"
          src="img/apartment-01.jpg"
        />
      </div>
      <div
        className="property__image-wrapper"
      >
        <img
          alt="Photo studio"
          className="property__image"
          src="img/apartment-03.jpg"
        />
      </div>
      <div
        className="property__image-wrapper"
      >
        <img
          alt="Photo studio"
          className="property__image"
          src="img/apartment-02.jpg"
        />
      </div>
      <div
        className="property__image-wrapper"
      >
        <img
          alt="Photo studio"
          className="property__image"
          src="img/room.jpg"
        />
      </div>
    </div>
  </div>
  <div
    className="property__container container"
  >
    <div
      className="property__wrapper"
    >
      <div
        className="property__mark"
      >
        <span>
          Premium
        </span>
      </div>
      <div
        className="property__name-wrapper"
      >
        <h1
          className="property__name"
        >
          title
        </h1>
        <button
          className="property__bookmark-button button "
          onClick={[Function]}
          type="button"
        >
          <svg
            className="place-card__bookmark-icon"
            height="33"
            width="31"
          >
            <use
              xlinkHref="#icon-bookmark"
            />
          </svg>
          <span
            className="visually-hidden"
          >
            To bookmarks
          </span>
        </button>
      </div>
      <div
        className="property__rating rating"
      >
        <div
          className="property__stars rating__stars"
        >
          <span
            style={
              Object {
                "width": "200%",
              }
            }
          />
          <span
            className="visually-hidden"
          >
            Rating
          </span>
        </div>
        <span
          className="property__rating-value rating__value"
        >
          10
        </span>
      </div>
      <ul
        className="property__features"
      >
        <li
          className="property__feature property__feature--entire"
        >
          Apartment
        </li>
        <li
          className="property__feature property__feature--bedrooms"
        >
          3
           Bedrooms
        </li>
        <li
          className="property__feature property__feature--adults"
        >
          Max 
          2
           adults
        </li>
      </ul>
      <div
        className="property__price"
      >
        <b
          className="property__price-value"
        >
          €
          0
        </b>
        <span
          className="property__price-text"
        >
           night
        </span>
      </div>
      <div
        className="property__inside"
      >
        <h2
          className="property__inside-title"
        >
          What's inside
        </h2>
        <ul
          className="property__inside-list"
        >
          <li
            className="property__inside-item"
          >
            Wi-Fi
          </li>
          <li
            className="property__inside-item"
          >
            Washing machine
          </li>
          <li
            className="property__inside-item"
          >
            Towels
          </li>
        </ul>
      </div>
      April 2019
      <div
        className="property__host"
      >
        <h2
          className="property__host-title"
        >
          Meet the host
        </h2>
        <div
          className="property__host-user user"
        >
          <div
            className="property__avatar-wrapper property__avatar-wrapper--pro user__avatar-wrapper"
          >
            <img
              alt="Host avatar"
              className="property__avatar user__avatar"
              height="74"
              src="img/avatar-angelina.jpg"
              width="74"
            />
          </div>
          <span
            className="property__user-name"
          >
            Angelina
          </span>
        </div>
        <div
          className="property__description"
        >
          <p
            className="property__text"
          >
            A quiet cozy and picturesque that hides behind a a river by the unique lightness of Amsterdam. The building is green and from 18th century.
          </p>
        </div>
      </div>
      <section
        className="property__reviews reviews"
      >
        <h2
          className="reviews__title"
        >
          Reviews · 
          <span
            className="reviews__amount"
          >
            1
          </span>
        </h2>
        <ul
          className="reviews__list"
        >
          <li
            className="reviews__item"
          >
            <div
              className="reviews__user user"
            >
              <div
                className="reviews__avatar-wrapper user__avatar-wrapper"
              >
                <img
                  alt="Reviews avatar"
                  className="reviews__avatar user__avatar"
                  height="54"
                  src="https://htmlacademy-react-3.appspot.com/six-cities/static/hotel/13.jpg"
                  width="54"
                />
              </div>
              <span
                className="reviews__user-name"
              >
                Max
              </span>
            </div>
            <div
              className="reviews__info"
            >
              <div
                className="reviews__rating rating"
              >
                <div
                  className="reviews__stars rating__stars"
                >
                  <span
                    style={
                      Object {
                        "width": "80%",
                      }
                    }
                  />
                  <span
                    className="visually-hidden"
                  >
                    Rating
                  </span>
                </div>
              </div>
              <p
                className="reviews__text"
              >
                A quiet cozy and picturesque that hides behind a a river by the unique lightness of Amsterdam.
              </p>
              <time
                className="reviews__time"
                dateTime="2019-05-08"
              >
                May 2019
              </time>
            </div>
          </li>
        </ul>
        
      </section>
    </div>
  </div>
  <section
    className="cities__map"
  >
    <div
      id="mapId"
      style={
        Object {
          "height": "580px",
        }
      }
    />
  </section>
</section>
`;
