// Jest Snapshot v1, https://goo.gl/fbAQLP

exports[`<App /> should render App 1`] = `
<p>
  No data loaded
</p>
`;
