// Jest Snapshot v1, https://goo.gl/fbAQLP

exports[`<SignIn /> should render SignIn 1`] = `
<p>
  No data loaded
</p>
`;
